---
layout: article
title:	JVM学习 - 垃圾收集器与内存分配策略
date:	2019-09-06 08:29:14
categories:
    - article
tags:
    - Java
    - JVM
---

本文对应《深入了解Java虚拟机》的第三个章节。

### 问题

    * 哪些内存需要回收
    * 什么时候回收
    * 如何回收

### 判断对象是否已死

在堆里面存放着Java所有对象实例，垃圾收集器在堆进行回收前，第一件事情就是要确定这些对象之中哪些还是“存活”的，哪些已经“死去”（即不可能再被任何途径使用的对象）。

#### 引用计数算法

引用计数算法的效率很高，实现也简单。它的实现是这样的：给一个对象添加一个引用计数器，每当有一个地方引用它时，计数器值就加1；当引用失效时，计数器值就减1；任何时刻计数器为0的对象就是不可能再被使用的。

但是也存在着对象之间相互循环引用，导致计数器值不为0的问题。

~~~shell
public class ReferenceCountingGC {
    public Object instance = null;

    private static final int _1MB = 1024 * 1024;

    /**
     * 占一点内存空间试试，能不能被GC回收。
     */
    private byte[] bigSize = new byte[2 * _1MB];

    @Override
    protected void finalize() throws Throwable {
        super.finalize();
        System.out.println("I am dead");
    }

    public static void main(String[] args) {
        ReferenceCountingGC a = new ReferenceCountingGC();
        ReferenceCountingGC b = new ReferenceCountingGC();

        a.instance = b;
        b.instance = a;

        a = null;
        b = null;

        //触发一下下GC看下内存是否被回收
        System.gc();
    }
}
~~~

~~~text
[GC (System.gc()) [PSYoungGen: 6717K->4904K(37888K)] 6717K->4912K(123904K), 0.0027517 secs] [Times: user=0.00 sys=0.00, real=0.00 secs] 
[Full GC (System.gc()) [PSYoungGen: 4904K->0K(37888K)] [ParOldGen: 8K->4711K(86016K)] 4912K->4711K(123904K), [Metaspace: 3128K->3128K(1056768K)], 0.0044187 secs] [Times: user=0.08 sys=0.00, real=0.00 secs] 
I am deadHeap
 PSYoungGen     
 total 37888K, used 1638K [0x00000000d6800000, 0x00000000d9200000, 0x0000000100000000)
  eden space 32768K, 5% usedI am dead [0x00000000d6800000,0x00000000d6999b60,0x00000000d8800000)

  from space 5120K, 0% used [0x00000000d8800000,0x00000000d8800000,0x00000000d8d00000)
  to   space 5120K, 0% used [0x00000000d8d00000,0x00000000d8d00000,0x00000000d9200000)
 ParOldGen       total 86016K, used 4711K [0x0000000083800000, 0x0000000088c00000, 0x00000000d6800000)
  object space 86016K, 5% used [0x0000000083800000,0x0000000083c99cd8,0x0000000088c00000)
 Metaspace       used 3168K, capacity 4496K, committed 4864K, reserved 1056768K
  class space    used 344K, capacity 388K, committed 512K, reserved 1048576K
~~~

GC的日志中包含`[PSYoungGen: 4904K->0K(37888K)]` 这意味着虚拟机并没有因为这个两个对象相互引用就不回收它们。

#### 可达性分析算法

这个算法的基本思路就是通过一系列的成为`GC Roots`的对象作为起始点，从这些节点开始向下搜索，搜索所走过的路径成为引用链，当一个对象到`GC Roots`没有任何引用链相连时，则证明此对象是不可用的。

在Java语言中，可作为GC Roots的对象包括下面几种：

* 虚拟机栈（栈帧中的本地变量表）中引用的对象。

* 方法区中静态属性引用的对象。

* 方法区中常量引用的对象。

* 本地方法栈中JNI引用的对象。

在JDK 1.2之后， Java将引用类型分为`强引用`、`软引用`、`弱引用`、`虚引用`4种，这4种引用强度依次逐渐减弱。

1. 强引用就是指在程序代码中